// Jest Snapshot v1, https://goo.gl/fbAQLP

exports[`Profile Page should render layout and profile info when user data is available 1`] = `
<div
  data-testid="layout"
>
  <div
    data-testid="profile-info"
  >
    Mocked ProfileInfo
  </div>
</div>
`;
